
> procontent@0.1.0 test
> vitest run tests/unit/components/media/LazyMediaWrapper.test.tsx


[1m[46m RUN [49m[22m [36mv4.0.18 [39m[90mC:/Users/1/DEV/PROCONTENT[39m

node.exe : [90mstderr[2m | tests/unit/components/
media/LazyMediaWrapper.test.tsx[2m > [22m[2mLazy
MediaWrapper[2m > [22m[2mđ┐đż Đâđ╝đżđ╗Đçđ░đŻđŞĐÄ
 đŻđÁ ĐÇđÁđŻđ┤đÁĐÇđŞĐé đŞđĚđżđ▒ĐÇđ░đÂđÁđŻđŞđÁ đ┤đż 
đ┐đżđ┐đ░đ┤đ░đŻđŞĐĆ đ▓đż viewport
At line:1 char:1
+ & "C:\Program Files\nodejs/node.exe" "C:\Program 
Files\nodejs/node_mo ...
+ ~~~~~~~~~~~~~~~~~~~~~~~~~~~~~~~~~~~~~~~~~~~~~~~~~
~~~~~~~~~~~~~~~~~~~~
    + CategoryInfo          : NotSpecified: ([90m 
   stderr[2m...Ć đ▓đż viewport:String) [], Remot  
  eException
    + FullyQualifiedErrorId : NativeCommandError
 
[22m[39m[vitest] The vi.fn() mock did not use 'fu
nction' or 'class' in its implementation, see https
://vitest.dev/api/vi#vi-spyon for examples.

[90mstderr[2m | tests/unit/components/media/LazyM
ediaWrapper.test.tsx[2m > [22m[2mLazyMediaWrappe
r[2m > [22m[2mĐÇđÁđŻđ┤đÁĐÇđŞĐé đŞđĚđżđ▒ĐÇđ░đÂđÁđ
ŻđŞđÁ ĐüĐÇđ░đĚĐâ, đÁĐüđ╗đŞ ĐâĐüĐéđ░đŻđżđ▓đ╗đÁđŻ Đäđ
╗đ░đ│ priority
[22m[39mReceived `true` for a non-boolean attribu
te `fill`.

If you want to write it to the DOM, pass a string i
nstead: fill="true" or fill={value.toString()}.
Received `true` for a non-boolean attribute `priori
ty`.

If you want to write it to the DOM, pass a string i
nstead: priority="true" or priority={value.toString
()}.

[90mstderr[2m | tests/unit/components/media/LazyM
ediaWrapper.test.tsx[2m > [22m[2mLazyMediaWrappe
r[2m > [22m[2mđŻđ░ĐçđŞđŻđ░đÁĐé đĚđ░đ│ĐÇĐâđĚđ║Đâ 
đ┐ĐÇđŞ ĐüĐÇđ░đ▒đ░ĐéĐőđ▓đ░đŻđŞđŞ IntersectionObserve
r
[22m[39m[vitest] The vi.fn() mock did not use 'fu
nction' or 'class' in its implementation, see https
://vitest.dev/api/vi#vi-spyon for examples.

[90mstderr[2m | tests/unit/components/media/LazyM
ediaWrapper.test.tsx[2m > [22m[2mLazyMediaWrappe
r[2m > [22m[2mđ┐ĐÇđŞđ╝đÁđŻĐĆđÁĐé đ║đżĐÇĐÇđÁđ║Đéđ
ŻĐőđ╣ đ║đ╗đ░ĐüĐü aspectRatio
[22m[39m[vitest] The vi.fn() mock did not use 'fu
nction' or 'class' in its implementation, see https
://vitest.dev/api/vi#vi-spyon for examples.

[90mstderr[2m | tests/unit/components/media/LazyM
ediaWrapper.test.tsx[2m > [22m[2mLazyMediaWrappe
r[2m > [22m[2mđżĐéđżđ▒ĐÇđ░đÂđ░đÁĐé đżđ▓đÁĐÇđ╗đÁđ
╣ đ┤đ╗ĐĆ đ▓đŞđ┤đÁđż
[22m[39m[vitest] The vi.fn() mock did not use 'fu
nction' or 'class' in its implementation, see https
://vitest.dev/api/vi#vi-spyon for examples.

 [31mÔŁ»[39m tests/unit/components/media/LazyMediaWrapper.test.tsx [2m([22m[2m5 tests[22m[2m | [22m[31m4 failed[39m[2m)[22m[32m 171[2mms[22m[39m
[31m     [31m├Ś[31m đ┐đż Đâđ╝đżđ╗Đçđ░đŻđŞĐÄ đŻđÁ ĐÇđÁđŻđ┤đÁĐÇđŞĐé đŞđĚđżđ▒ĐÇđ░đÂđÁđŻđŞđÁ đ┤đż đ┐đżđ┐đ░đ┤đ░đŻđŞĐĆ đ▓đż viewport[39m[32m 29[2mms[22m[39m
     [32mÔťô[39m ĐÇđÁđŻđ┤đÁĐÇđŞĐé đŞđĚđżđ▒ĐÇđ░đÂđÁđŻđŞđÁ ĐüĐÇđ░đĚĐâ, đÁĐüđ╗đŞ ĐâĐüĐéđ░đŻđżđ▓đ╗đÁđŻ Đäđ╗đ░đ│ priority[32m 132[2mms[22m[39m
[31m     [31m├Ś[31m đŻđ░ĐçđŞđŻđ░đÁĐé đĚđ░đ│ĐÇĐâđĚđ║Đâ đ┐ĐÇđŞ ĐüĐÇđ░đ▒đ░ĐéĐőđ▓đ░đŻđŞđŞ IntersectionObserver[39m[32m 3[2mms[22m[39m
[31m     [31m├Ś[31m đ┐ĐÇđŞđ╝đÁđŻĐĆđÁĐé đ║đżĐÇĐÇđÁđ║ĐéđŻĐőđ╣ đ║đ╗đ░ĐüĐü aspectRatio[39m[32m 3[2mms[22m[39m
[31m     [31m├Ś[31m đżĐéđżđ▒ĐÇđ░đÂđ░đÁĐé đżđ▓đÁĐÇđ╗đÁđ╣ đ┤đ╗ĐĆ đ▓đŞđ┤đÁđż[39m[32m 2[2mms[22m[39m

[31mÔÄ»ÔÄ»ÔÄ»ÔÄ»ÔÄ»ÔÄ»ÔÄ»[39m[1m[41m Failed Tes
ts 4 [49m[22m[31mÔÄ»ÔÄ»ÔÄ»ÔÄ»ÔÄ»ÔÄ»ÔÄ»[39m

[41m[1m FAIL [22m[49m tests/unit/components/med
ia/LazyMediaWrapper.test.tsx[2m > [22mLazyMediaWr
apper[2m > [22mđ┐đż Đâđ╝đżđ╗Đçđ░đŻđŞĐÄ đŻđÁ ĐÇđÁđ
Żđ┤đÁĐÇđŞĐé đŞđĚđżđ▒ĐÇđ░đÂđÁđŻđŞđÁ đ┤đż đ┐đżđ┐đ░đ┤đ
░đŻđŞĐĆ đ▓đż viewport
[41m[1m FAIL [22m[49m tests/unit/components/med
ia/LazyMediaWrapper.test.tsx[2m > [22mLazyMediaWr
apper[2m > [22mđŻđ░ĐçđŞđŻđ░đÁĐé đĚđ░đ│ĐÇĐâđĚđ║Đâ 
đ┐ĐÇđŞ ĐüĐÇđ░đ▒đ░ĐéĐőđ▓đ░đŻđŞđŞ IntersectionObserve
r
[41m[1m FAIL [22m[49m tests/unit/components/med
ia/LazyMediaWrapper.test.tsx[2m > [22mLazyMediaWr
apper[2m > [22mđ┐ĐÇđŞđ╝đÁđŻĐĆđÁĐé đ║đżĐÇĐÇđÁđ║Đéđ
ŻĐőđ╣ đ║đ╗đ░ĐüĐü aspectRatio
[41m[1m FAIL [22m[49m tests/unit/components/med
ia/LazyMediaWrapper.test.tsx[2m > [22mLazyMediaWr
apper[2m > [22mđżĐéđżđ▒ĐÇđ░đÂđ░đÁĐé đżđ▓đÁĐÇđ╗đÁđ
╣ đ┤đ╗ĐĆ đ▓đŞđ┤đÁđż
[31m[1mTypeError[22m: (cb, opt) => new MockInter
sectionObserver(cb, opt) is not a constructor[39m
[36m [2mÔŁ»[22m src/components/media/LazyMediaWr
apper.tsx:[2m32:22[22m[39m
    [90m 30| [39m    [35mif[39m (priority) [35
mreturn[39m
    [90m 31| [39m
    [90m 32| [39m    [35mconst[39m observer [3
3m=[39m [35mnew[39m [33mIntersectionObserver[3
9m(
    [90m   | [39m                     [31m^[39m
    [90m 33| [39m      ([entry]) [33m=>[39m {
    [90m 34| [39m        [35mif[39m (entry[33m
.[39misIntersecting) {
[90m [2mÔŁ»[22m Object.react_stack_bottom_frame 
node_modules/react-dom/cjs/react-dom-client.develop
ment.js:[2m25989:20[22m[39m
[90m [2mÔŁ»[22m runWithFiberInDEV node_modules/r
eact-dom/cjs/react-dom-client.development.js:[2m87
4:13[22m[39m
[90m [2mÔŁ»[22m commitHookEffectListMount node_m
odules/react-dom/cjs/react-dom-client.development.j
s:[2m13249:29[22m[39m
[90m [2mÔŁ»[22m commitHookPassiveMountEffects no
de_modules/react-dom/cjs/react-dom-client.developme
nt.js:[2m13336:11[22m[39m
[90m [2mÔŁ»[22m commitPassiveMountOnFiber node_m
odules/react-dom/cjs/react-dom-client.development.j
s:[2m15484:13[22m[39m
[90m [2mÔŁ»[22m recursivelyTraversePassiveMountE
ffects node_modules/react-dom/cjs/react-dom-client.
development.js:[2m15439:11[22m[39m
[90m [2mÔŁ»[22m commitPassiveMountOnFiber node_m
odules/react-dom/cjs/react-dom-client.development.j
s:[2m15519:11[22m[39m
[90m [2mÔŁ»[22m flushPassiveEffects node_modules
/react-dom/cjs/react-dom-client.development.js:[2m
18432:9[22m[39m

[31m[2mÔÄ»ÔÄ»ÔÄ»ÔÄ»ÔÄ»ÔÄ»ÔÄ»ÔÄ»ÔÄ»ÔÄ»ÔÄ»ÔÄ»ÔÄ»ÔÄ»
ÔÄ»ÔÄ»ÔÄ»ÔÄ»ÔÄ»ÔÄ»ÔÄ»ÔÄ»ÔÄ»ÔÄ»[1/4]ÔÄ»[22m[39m


[2m Test Files [22m [1m[31m1 failed[39m[22m[90m (1)[39m
[2m      Tests [22m [1m[31m4 failed[39m[22m[2m | [22m[1m[32m1 passed[39m[22m[90m (5)[39m
[2m   Start at [22m 19:30:39
[2m   Duration [22m 1.82s[2m (transform 94ms, setup 135ms, import 283ms, tests 171ms, environment 1.03s)[22m

